[2025-07-01 20:26:43] [WARNING] Inicio de sesión fallido por credenciales.
[2025-07-01 20:27:02] [WARNING] Se intentó ingresar con un DNI inválido.
[2025-07-01 20:32:56] [WARNING] Inicio de sesión fallido por credenciales.
[2025-07-01 20:41:42] [WARNING] Inicio de sesión fallido por credenciales.
[2025-07-01 20:41:58] [WARNING] Inicio de sesión fallido por credenciales.
[2025-07-01 20:46:39] [WARNING] Inicio de sesión fallido por credenciales.
[2025-07-01 20:51:17] [WARNING] Inicio de sesión fallido por credenciales.
[2025-07-01 20:52:29] [WARNING] Inicio de sesión fallido por credenciales.
[2025-07-01 20:52:46] [WARNING] Inicio de sesión fallido por credenciales.
[2025-07-01 20:54:00] [WARNING] Inicio de sesión fallido por credenciales.
[2025-07-01 20:59:19] [INFO] Se inició sesión correctamente.
[2025-07-01 21:04:52] [INFO] [::1|Windows(Chrome)] Se inició sesión correctamente.
[2025-07-01 21:06:55] [INFO] [::1|Windows(Chrome)] Se inició sesión correctamente.
[2025-07-01 21:10:35] [INFO] [::1|Windows(Chrome)] Se inició sesión correctamente.
[2025-07-01 21:19:43] [INFO] [::1|Windows(Chrome)] Se inició sesión correctamente.
[2025-07-03 17:33:08] [WARNING] [::1|(Safari)] Inicio de sesión fallido por credenciales.
[2025-07-03 17:33:36] [WARNING] [::1|(Safari)] Inicio de sesión fallido por credenciales.
[2025-07-03 17:34:17] [INFO] [::1|Android(Chrome)] Se inició sesión correctamente.
[2025-07-03 17:34:58] [WARNING] [::1|(Safari)] Inicio de sesión fallido por credenciales.
[2025-07-03 17:35:23] [INFO] [::1|(Safari)] Se inició sesión correctamente.
[2025-07-03 17:37:15] [INFO] [::1|(Safari)] Se inició sesión correctamente.
[2025-07-03 17:42:14] [WARNING] [::1|Linux(Chrome)] Inicio de sesión fallido por credenciales.
[2025-07-03 17:42:20] [INFO] [::1|Linux(Chrome)] Se inició sesión correctamente.
[2025-07-03 21:15:00] [INFO] [::1|Windows(Chrome)] Se inició sesión correctamente.
[2025-07-03 21:33:34] [WARNING] [::1|Windows(Chrome)] Inicio de sesión fallido por credenciales.
[2025-07-03 21:33:45] [INFO] [::1|Windows(Chrome)] Se inició sesión correctamente.
[2025-07-03 22:02:35] [INFO] [::1|Windows(Chrome)] Se inició sesión correctamente.
[2025-07-03 22:42:00] [WARNING] [::1|Windows(Chrome)] Inicio de sesión fallido por credenciales.
[2025-07-03 22:42:09] [WARNING] [::1|Windows(Chrome)] Inicio de sesión fallido por credenciales.
[2025-07-03 22:42:15] [INFO] [::1|Windows(Chrome)] Se inició sesión correctamente.
[2025-07-03 22:42:26] [WARNING] [::1|Windows(Chrome)] Inicio de sesión fallido por credenciales.
[2025-07-03 22:44:21] [INFO] [::1|Windows(Chrome)] Se inició sesión correctamente.
[2025-07-04 02:23:56] [INFO] [::1|Windows(Chrome)] Se inició sesión correctamente.
[2025-07-04 02:25:12] [INFO] [::1|Windows(Chrome)] Se inició sesión correctamente.
[2025-07-04 19:00:09] [INFO] [::1|(Safari)] Se inició sesión correctamente.
[2025-07-04 19:26:39] [INFO] [::1|Windows(Chrome)] Se inició sesión correctamente.
[2025-07-04 19:30:53] [INFO] [::1|Windows(Chrome)] Se inició sesión correctamente.
[2025-07-04 19:58:25] [WARNING] [::1|Windows(Chrome)] Inicio de sesión fallido por credenciales.
[2025-07-04 19:59:23] [WARNING] [::1|Windows(Chrome)] Inicio de sesión fallido por credenciales.
[2025-07-04 19:59:43] [INFO] [::1|Windows(Chrome)] Se inició sesión correctamente.
[2025-07-05 18:58:34] [INFO] [::1|Windows(Chrome)] Se inició sesión correctamente.
[2025-07-05 23:19:27] [INFO] [::1|Windows(Chrome)] Se inició sesión correctamente.
[2025-07-07 18:21:24] [INFO] [::1|Windows(Chrome)] Se inició sesión correctamente.
[2025-07-07 21:43:16] [INFO] [::1|Windows(Chrome)] Se inició sesión correctamente.
[2025-07-08 14:28:53] [INFO] [::1|Windows(Chrome)] Se inició sesión correctamente.
[2025-07-10 18:29:26] [INFO] [::1|Windows(Chrome)] Se inició sesión correctamente.
[2025-07-10 18:59:53] [INFO] [::1|Windows(Chrome)] Se inició sesión correctamente.
[2025-07-10 19:02:49] [INFO] [::1|Windows(Chrome)] Se inició sesión correctamente.
[2025-07-10 19:12:25] [INFO] [::1|Windows(Chrome)] Se inició sesión correctamente.
[2025-07-10 19:18:56] [INFO] [::1|Windows(Chrome)] Se inició sesión correctamente.
[2025-07-10 19:21:24] [INFO] [::1|Windows(Chrome)] Se inició sesión correctamente.
[2025-07-13 21:05:00] [INFO] [::1|Windows(Chrome)] Se inició sesión correctamente.
[2025-07-13 21:20:01] [INFO] [::1|Windows(Chrome)] Se inició sesión correctamente.
[2025-07-14 17:27:37] [INFO] [::1|Windows(Chrome)] Se inició sesión correctamente.
[2025-07-14 17:30:32] [INFO] [::1|Windows(Chrome)] Se inició sesión correctamente.
[2025-07-14 21:18:37] [INFO] [::1|Windows(Chrome)] Se inició sesión correctamente.
[2025-07-14 21:23:01] [INFO] [::1|Linux(Chrome)] Se inició sesión correctamente.
[2025-07-14 21:24:40] [INFO] [::1|Linux(Chrome)] Se inició sesión correctamente.
[2025-07-14 21:25:00] [INFO] [::1|Linux(Chrome)] Se inició sesión correctamente.
[2025-07-14 21:25:55] [INFO] [::1|Windows(Chrome)] Se inició sesión correctamente.
[2025-07-14 21:26:14] [INFO] [::1|Linux(Chrome)] Se inició sesión correctamente.
[2025-07-14 21:26:50] [INFO] [::1|Linux(Chrome)] Se inició sesión correctamente.
[2025-07-14 21:27:30] [INFO] [::1|Linux(Chrome)] Se inició sesión correctamente.
[2025-07-14 21:28:23] [INFO] [::1|Linux(Chrome)] Se inició sesión correctamente.
[2025-07-14 21:28:41] [INFO] [::1|Linux(Chrome)] Se inició sesión correctamente.
[2025-07-14 21:31:07] [INFO] [::1|Linux(Chrome)] Se inició sesión correctamente.
[2025-07-14 21:31:19] [INFO] [::1|Linux(Chrome)] Se inició sesión correctamente.
[2025-07-14 21:35:40] [INFO] [::1|Linux(Chrome)] Se inició sesión correctamente.
[2025-07-14 22:03:51] [INFO] [::1|Linux(Chrome)] Se inició sesión correctamente.
[2025-07-14 22:56:25] [INFO] [::1|Windows(Chrome)] Se inició sesión correctamente.
[2025-07-14 22:56:52] [WARNING] [::1|Windows(Chrome)] Se intentó ingresar con un DNI inválido.
[2025-07-14 22:57:01] [WARNING] [::1|Windows(Chrome)] Se intentó ingresar con un DNI inválido.
[2025-07-16 04:53:25] [INFO] [::1|Windows(Chrome)] Se inició sesión correctamente.
[2025-07-16 04:55:31] [INFO] [::1|Windows(Chrome)] Se inició sesión correctamente.
[2025-07-16 04:58:46] [INFO] [::1|Windows(Chrome)] Se inició sesión correctamente.
[2025-07-16 05:26:36] [INFO] [::1|(Safari)] Se inició sesión correctamente.
[2025-07-16 05:36:27] [INFO] [::1|(Safari)] Se inició sesión correctamente.
[2025-07-16 05:38:02] [INFO] [::1|(Safari)] Se inició sesión correctamente.
[2025-07-16 21:53:39] [INFO] [::1|Windows(Chrome)] Se inició sesión correctamente.
[2025-07-17 19:23:30] [INFO] [::1|(Safari)] Se inició sesión correctamente.
[2025-07-17 23:30:30] [INFO] [::1|Windows(Chrome)] Se inició sesión correctamente.
[2025-07-17 23:31:31] [INFO] [::1|Windows(Chrome)] Se inició sesión correctamente.
[2025-07-17 23:34:51] [INFO] [::1|Windows(Chrome)] Se inició sesión correctamente.
[2025-07-23 16:52:32] [INFO] [::1|(Safari)] Se inició sesión correctamente.
[2025-07-23 16:52:32] [INFO] [::1|(Safari)] Se inició sesión correctamente.
[2025-07-25 01:17:18] [INFO] [::1|Windows(Chrome)] Se inició sesión correctamente.
[2025-07-25 01:17:41] [INFO] [::1|Windows(Chrome)] Se inició sesión correctamente.
[2025-07-25 01:27:55] [INFO] [::1|Windows(Chrome)] Se inició sesión correctamente.
[2025-07-25 01:29:20] [INFO] [::1|Windows(Chrome)] Se inició sesión correctamente.
[2025-07-25 22:08:23] [INFO] [::1|Windows(Chrome)] Se inició sesión correctamente.
[2025-07-25 22:09:05] [INFO] [::1|Windows(Chrome)] Se inició sesión correctamente.
[2025-07-25 22:23:37] [INFO] [::1|(Safari)] Se inició sesión correctamente.
[2025-07-25 22:24:30] [INFO] [::1|(Safari)] Se inició sesión correctamente.
[2025-07-25 22:24:49] [INFO] [::1|(Safari)] Se inició sesión correctamente.
[2025-07-25 22:26:22] [INFO] [::1|(Safari)] Se inició sesión correctamente.
[2025-07-25 22:26:26] [INFO] [::1|(Safari)] Se inició sesión correctamente.
[2025-07-25 22:34:42] [INFO] [::1|Windows(Chrome)] Se inició sesión correctamente.
[2025-07-25 23:17:42] [INFO] [::1|Windows(Chrome)] Se inició sesión correctamente.
[2025-07-25 23:20:18] [INFO] [::1|Windows(Chrome)] Se inició sesión correctamente.
[2025-07-25 23:31:13] [INFO] [::1|(Safari)] Se inició sesión correctamente.
[2025-07-25 23:35:11] [INFO] [::1|Windows(Chrome)] Se inició sesión correctamente.
[2025-08-01 18:13:41] [INFO] [::1|Windows(Chrome)] Se inició sesión correctamente.
[2025-08-01 18:53:46] [INFO] [::1|Windows(Chrome)] Se inició sesión correctamente.
[2025-08-01 19:08:06] [INFO] [::1|Windows(Chrome)] Se inició sesión correctamente.
[2025-08-01 19:45:54] [INFO] [::1|Windows(Chrome)] Se inició sesión correctamente.
[2025-08-01 19:47:37] [INFO] [::1|Windows(Chrome)] Se inició sesión correctamente.
[2025-08-03 03:22:27] [INFO] [::1|Windows(Chrome)] Se inició sesión correctamente.
[2025-08-03 03:22:44] [INFO] [::1|Windows(Chrome)] Se inició sesión correctamente.
[2025-08-03 03:27:56] [INFO] [::1|Windows(Chrome)] Se inició sesión correctamente.
[2025-08-04 03:21:42] [INFO] [::1|Windows(Chrome)] Se inició sesión correctamente.
[2025-08-04 03:22:00] [INFO] [::1|Windows(Chrome)] Se inició sesión correctamente.
[2025-08-04 14:25:37] [WARNING] [::1|Windows(Chrome)] Inicio de sesión fallido por credenciales.
[2025-08-12 21:34:54] [INFO] [::1|(Safari)] Se inició sesión correctamente.
[2025-08-12 21:36:10] [INFO] [::1|(Safari)] Se inició sesión correctamente.
[2025-08-14 23:37:34] [WARNING] [::1|Windows(Chrome)] Inicio de sesión fallido por credenciales.
[2025-08-14 23:37:46] [INFO] [::1|Windows(Chrome)] Se inició sesión correctamente.
[2025-08-14 23:41:31] [INFO] [::1|Windows(Chrome)] Se inició sesión correctamente.
[2025-08-17 19:02:13] [INFO] [::1|(Safari)] Se inició sesión correctamente.
[2025-08-17 19:53:26] [WARNING] [::1|Windows(Chrome)] Inicio de sesión fallido por credenciales.
[2025-08-17 19:53:34] [WARNING] [::1|Windows(Chrome)] Inicio de sesión fallido por credenciales.
[2025-08-17 20:08:59] [WARNING] [::1|Windows(Chrome)] Inicio de sesión fallido por credenciales.
[2025-08-17 20:10:05] [WARNING] [::1|Windows(Chrome)] Inicio de sesión fallido por credenciales.
[2025-08-17 20:10:15] [WARNING] [::1|Windows(Chrome)] Inicio de sesión fallido por credenciales.
[2025-08-17 20:10:24] [WARNING] [::1|Windows(Chrome)] Inicio de sesión fallido por credenciales.
[2025-08-17 20:10:33] [INFO] [::1|Windows(Chrome)] Se inició sesión correctamente.
[2025-08-18 15:11:16] [WARNING] [::1|Windows(Chrome)] Inicio de sesión fallido por credenciales.
[2025-08-18 15:11:23] [WARNING] [::1|Windows(Chrome)] Inicio de sesión fallido por credenciales.
[2025-08-18 15:14:04] [WARNING] [::1|Windows(Chrome)] Inicio de sesión fallido por credenciales.
[2025-08-19 14:55:18] [WARNING] [::1|Windows(Chrome)] Inicio de sesión fallido por credenciales.
[2025-08-19 14:58:04] [WARNING] [::1|Windows(Chrome)] Inicio de sesión fallido por credenciales.
[2025-08-19 15:13:12] [INFO] [::1|Windows(Chrome)] Se inició sesión correctamente.
[2025-08-19 16:03:01] [INFO] [::1|Windows(Chrome)] Se inició sesión correctamente.
[2025-08-19 16:03:22] [INFO] [::1|Windows(Chrome)] Se inició sesión correctamente.
[2025-08-19 21:09:26] [INFO] [::1|Windows(Chrome)] Se inició sesión correctamente.
[2025-08-19 21:09:50] [INFO] [::1|Windows(Chrome)] Se inició sesión correctamente.
[2025-08-19 21:48:20] [INFO] [::1|Windows(Chrome)] Se inició sesión correctamente.
[2025-08-19 22:56:21] [INFO] [::1|Windows(Chrome)] Se inició sesión correctamente.
[2025-08-19 23:02:26] [INFO] [::1|Windows(Chrome)] Se inició sesión correctamente.
[2025-08-19 23:02:36] [INFO] [::1|Windows(Chrome)] Se inició sesión correctamente.
[2025-08-19 23:02:45] [INFO] [::1|Windows(Chrome)] Se inició sesión correctamente.
[2025-08-22 18:47:43] [INFO] [::1|(Safari)] Se inició sesión correctamente.
[2025-08-22 18:48:23] [INFO] [::1|(Safari)] Se inició sesión correctamente.
[2025-08-23 22:51:50] [INFO] [::1|Windows(Chrome)] Se inició sesión correctamente.
[2025-08-28 23:45:49] [WARNING] [::1|Windows(Chrome)] Inicio de sesión fallido por credenciales.
[2025-08-28 23:51:53] [INFO] [::1|Windows(Chrome)] Se inició sesión correctamente.
[2025-08-29 02:00:53] [INFO] [::1|Windows(Chrome)] Se inició sesión correctamente.
[2025-08-29 02:01:05] [INFO] [::1|Windows(Chrome)] Se inició sesión correctamente.
[2025-08-29 16:35:29] [INFO] [::1|(Safari)] Se inició sesión correctamente.
[2025-08-29 16:35:29] [INFO] [::1|(Safari)] Se inició sesión correctamente.
[2025-08-29 16:36:40] [INFO] [::1|(Safari)] Se inició sesión correctamente.
[2025-08-29 17:36:52] [INFO] [::1|Windows(Chrome)] Se inició sesión correctamente.
[2025-08-29 17:37:27] [INFO] [::1|Windows(Chrome)] Se inició sesión correctamente.
[2025-08-29 17:37:57] [INFO] [::1|Windows(Chrome)] Se inició sesión correctamente.
[2025-08-29 17:38:49] [INFO] [::1|Windows(Chrome)] Se inició sesión correctamente.
[2025-08-29 17:39:03] [INFO] [::1|Windows(Chrome)] Se inició sesión correctamente.
[2025-08-29 17:45:15] [INFO] [::1|Windows(Chrome)] Se inició sesión correctamente.
[2025-08-29 17:51:56] [WARNING] [::1|Windows(Chrome)] Inicio de sesión fallido por credenciales.
[2025-08-29 17:52:21] [INFO] [::1|Windows(Chrome)] Se inició sesión correctamente.
[2025-08-29 17:52:23] [INFO] [::1|Windows(Chrome)] Se inició sesión correctamente.
[2025-08-29 17:52:24] [INFO] [::1|Windows(Chrome)] Se inició sesión correctamente.
[2025-08-29 17:52:24] [INFO] [::1|Windows(Chrome)] Se inició sesión correctamente.
[2025-08-29 17:52:25] [INFO] [::1|Windows(Chrome)] Se inició sesión correctamente.
[2025-08-29 17:52:25] [INFO] [::1|Windows(Chrome)] Se inició sesión correctamente.
[2025-08-29 17:52:25] [INFO] [::1|Windows(Chrome)] Se inició sesión correctamente.
[2025-08-29 17:52:25] [INFO] [::1|Windows(Chrome)] Se inició sesión correctamente.
[2025-08-29 17:52:27] [INFO] [::1|Windows(Chrome)] Se inició sesión correctamente.
[2025-08-29 17:52:28] [INFO] [::1|Windows(Chrome)] Se inició sesión correctamente.
[2025-08-29 17:52:28] [INFO] [::1|Windows(Chrome)] Se inició sesión correctamente.
[2025-08-29 17:52:28] [INFO] [::1|Windows(Chrome)] Se inició sesión correctamente.
[2025-08-29 17:52:29] [INFO] [::1|Windows(Chrome)] Se inició sesión correctamente.
[2025-08-29 17:52:29] [INFO] [::1|Windows(Chrome)] Se inició sesión correctamente.
[2025-08-29 17:52:29] [INFO] [::1|Windows(Chrome)] Se inició sesión correctamente.
[2025-08-29 17:53:20] [INFO] [::1|(Safari)] Se inició sesión correctamente.
[2025-08-29 17:53:47] [INFO] [::1|Windows(Chrome)] Se inició sesión correctamente.
[2025-08-29 17:56:33] [INFO] [::1|Windows(Chrome)] Se inició sesión correctamente.
[2025-08-29 18:21:13] [INFO] [::1|Windows(Chrome)] Se inició sesión correctamente.
[2025-08-29 18:55:28] [INFO] [::1|Windows(Chrome)] Se inició sesión correctamente.
[2025-09-02 22:30:47] [INFO] [::1|Windows(Chrome)] Se inició sesión correctamente.
[2025-09-03 00:03:48] [INFO] [::1|Windows(Chrome)] Se inició sesión correctamente.
[2025-09-03 02:31:30] [INFO] [::1|Windows(Chrome)] Se inició sesión correctamente.
[2025-09-03 21:53:58] [WARNING] [::1|Windows(Chrome)] Inicio de sesión fallido por credenciales.
[2025-09-03 21:54:06] [WARNING] [::1|Windows(Chrome)] Inicio de sesión fallido por credenciales.
[2025-09-03 21:54:19] [WARNING] [::1|Windows(Chrome)] Inicio de sesión fallido por credenciales.
[2025-09-03 21:54:28] [WARNING] [::1|Windows(Chrome)] Inicio de sesión fallido por credenciales.
[2025-09-03 21:54:36] [INFO] [::1|Windows(Chrome)] Se inició sesión correctamente.
[2025-09-04 02:15:04] [WARNING] [::1|Windows(Chrome)] Inicio de sesión fallido por credenciales.
[2025-09-04 02:15:11] [WARNING] [::1|Windows(Chrome)] Inicio de sesión fallido por credenciales.
[2025-09-04 02:15:19] [INFO] [::1|Windows(Chrome)] Se inició sesión correctamente.
[2025-09-04 02:22:34] [WARNING] [::1|Windows(Chrome)] Inicio de sesión fallido por credenciales.
[2025-09-04 02:22:42] [INFO] [::1|Windows(Chrome)] Se inició sesión correctamente.
[2025-09-04 02:22:50] [INFO] [::1|Windows(Chrome)] Se inició sesión correctamente.
[2025-09-04 02:24:22] [INFO] [::1|Windows(Chrome)] Se inició sesión correctamente.
[2025-09-04 03:08:20] [INFO] [::1|Windows(Chrome)] Se inició sesión correctamente.
[2025-09-04 03:08:52] [INFO] [::1|Windows(Chrome)] Se inició sesión correctamente.
[2025-09-04 21:19:47] [WARNING] [::1|Windows(Chrome)] Inicio de sesión fallido por credenciales.
[2025-09-04 21:19:58] [WARNING] [::1|Windows(Chrome)] Inicio de sesión fallido por credenciales.
[2025-09-04 21:20:09] [WARNING] [::1|Windows(Chrome)] Inicio de sesión fallido por credenciales.
[2025-09-04 21:20:21] [INFO] [::1|Windows(Chrome)] Se inició sesión correctamente.
[2025-09-04 22:15:29] [INFO] [::1|Windows(Chrome)] Se inició sesión correctamente.
[2025-09-04 22:15:33] [INFO] [::1|Windows(Chrome)] Se inició sesión correctamente.
[2025-09-04 22:36:53] [INFO] [::1|Windows(Chrome)] Se inició sesión correctamente.
[2025-09-04 22:46:07] [INFO] [::1|Windows(Chrome)] Se inició sesión correctamente.
[2025-09-05 14:30:49] [INFO] [::1|Windows(Chrome)] Se inició sesión correctamente.
[2025-09-08 13:28:02] [INFO] [::1|Windows(Chrome)] Se inició sesión correctamente.
[2025-09-08 13:32:38] [INFO] [::1|Windows(Chrome)] Se inició sesión correctamente.
[2025-09-08 18:55:05] [INFO] [::1|Windows(Chrome)] Se inició sesión correctamente.
[2025-09-09 03:22:01] [INFO] [::1|Windows(Chrome)] Se inició sesión correctamente.
[2025-09-11 22:48:21] [INFO] [::1|Windows(Chrome)] Se inició sesión correctamente.
[2025-09-11 23:30:32] [INFO] [::1|Windows(Chrome)] Se inició sesión correctamente.
[2025-09-12 00:10:12] [INFO] [::1|Windows(Chrome)] Se inició sesión correctamente.
[2025-09-12 12:11:31] [INFO] [::1|Windows(Chrome)] Se inició sesión correctamente.
[2025-09-12 12:12:40] [INFO] [::1|Windows(Chrome)] Se inició sesión correctamente.
[2025-09-12 18:49:36] [INFO] [::1|Windows(Chrome)] Se inició sesión correctamente.
[2025-09-12 19:26:59] [INFO] [::1|(Safari)] Se inició sesión correctamente.
[2025-09-12 19:27:56] [INFO] [::1|(Safari)] Se inició sesión correctamente.
[2025-09-12 19:28:26] [INFO] [::1|Windows(Chrome)] Se inició sesión correctamente.
[2025-09-12 19:30:04] [INFO] [::1|(Safari)] Se inició sesión correctamente.
[2025-09-12 19:58:11] [INFO] [::1|Windows(Chrome)] Se inició sesión correctamente.
[2025-09-12 22:57:36] [INFO] [::1|Windows(Chrome)] Se inició sesión correctamente.
[2025-09-12 23:41:23] [INFO] [::1|Windows(Chrome)] Se inició sesión correctamente.
[2025-09-12 23:41:26] [INFO] [::1|Windows(Chrome)] Se inició sesión correctamente.
[2025-09-13 01:47:02] [WARNING] [::1|Windows(Chrome)] Inicio de sesión fallido por credenciales.
[2025-09-13 01:47:09] [WARNING] [::1|Windows(Chrome)] Inicio de sesión fallido por credenciales.
[2025-09-13 01:53:05] [INFO] [::1|Windows(Chrome)] Se inició sesión correctamente.
[2025-09-13 23:10:10] [INFO] [::1|Windows(Chrome)] Se inició sesión correctamente.
[2025-09-13 23:10:12] [INFO] [::1|Windows(Chrome)] Se inició sesión correctamente.
[2025-09-13 23:12:29] [INFO] [::1|Windows(Chrome)] Se inició sesión correctamente.
[2025-09-13 23:12:33] [INFO] [::1|Windows(Chrome)] Se inició sesión correctamente.
[2025-09-15 00:35:34] [INFO] [::1|Windows(Chrome)] Se inició sesión correctamente.
[2025-09-15 21:30:30] [INFO] [::1|Windows(Chrome)] Se inició sesión correctamente.
[2025-09-15 21:31:09] [INFO] [::1|(Safari)] Se inició sesión correctamente.
[2025-09-15 21:46:31] [INFO] [::1|(Safari)] Se inició sesión correctamente.
[2025-09-15 21:46:49] [INFO] [::1|(Safari)] Se inició sesión correctamente.
[2025-09-15 22:41:53] [INFO] [::1|Windows(Chrome)] Se inició sesión correctamente.
[2025-09-15 22:42:50] [INFO] [::1|Windows(Chrome)] Se inició sesión correctamente.
[2025-09-15 22:43:01] [INFO] [::1|Windows(Chrome)] Se inició sesión correctamente.
[2025-09-15 22:43:15] [INFO] [::1|Windows(Chrome)] Se inició sesión correctamente.
[2025-09-15 23:13:59] [WARNING] [::1|Windows(Chrome)] Se intentó ingresar con un DNI inválido.
[2025-09-15 23:14:19] [INFO] [::1|Windows(Chrome)] Se inició sesión correctamente.
[2025-09-15 23:18:31] [INFO] [::1|Windows(Chrome)] Se inició sesión correctamente.
[2025-09-15 23:19:52] [INFO] [::1|Windows(Chrome)] Se inició sesión correctamente.
[2025-09-15 23:20:04] [INFO] [::1|Windows(Chrome)] Se inició sesión correctamente.
[2025-09-16 15:12:42] [INFO] [::1|Android(Chrome)] Se inició sesión correctamente.
[2025-09-16 23:52:08] [INFO] [::1|Windows(Chrome)] Se inició sesión correctamente.
[2025-09-17 02:54:09] [INFO] [::1|Windows(Chrome)] Se inició sesión correctamente.
[2025-09-17 04:20:46] [INFO] [::1|Windows(Chrome)] Se inició sesión correctamente.
[2025-09-17 13:15:45] [INFO] [::1|Windows(Chrome)] Se inició sesión correctamente.
[2025-09-17 14:55:34] [INFO] [::1|Windows(Chrome)] Se inició sesión correctamente.
[2025-09-17 22:08:56] [INFO] [::1|Windows(Chrome)] Se inició sesión correctamente.
[2025-09-17 23:57:05] [INFO] [::1|Windows(Chrome)] Se inició sesión correctamente.
[2025-09-18 03:11:08] [INFO] [::1|Windows(Chrome)] Se inició sesión correctamente.
[2025-09-18 04:13:51] [INFO] [::1|Windows(Chrome)] Se inició sesión correctamente.
[2025-09-18 16:26:49] [INFO] [::1|Android(Chrome)] Se inició sesión correctamente.
[2025-09-18 16:28:24] [INFO] [::1|Android(Chrome)] Se inició sesión correctamente.
[2025-09-18 16:28:58] [INFO] [::1|Android(Chrome)] Se inició sesión correctamente.
[2025-09-18 18:17:07] [INFO] [::1|(Safari)] Se inició sesión correctamente.
[2025-09-18 18:37:42] [INFO] [::1|Windows(Chrome)] Se inició sesión correctamente.
[2025-09-18 18:39:21] [INFO] [::1|Windows(Chrome)] Se inició sesión correctamente.
[2025-09-18 18:49:08] [INFO] [::1|Windows(Chrome)] Se inició sesión correctamente.
[2025-09-18 19:19:11] [INFO] [::1|Windows(Chrome)] Se inició sesión correctamente.
[2025-09-18 19:25:31] [INFO] [::1|Windows(Chrome)] Se inició sesión correctamente.
[2025-09-18 19:25:54] [INFO] [::1|Windows(Chrome)] Se inició sesión correctamente.
[2025-09-18 19:52:52] [INFO] [::1|Windows(Chrome)] Se inició sesión correctamente.
[2025-09-18 21:22:29] [WARNING] [::1|Windows(Chrome)] Inicio de sesión fallido por credenciales.
[2025-09-18 21:22:39] [INFO] [::1|Windows(Chrome)] Se inició sesión correctamente.
[2025-09-19 02:45:43] [INFO] [::1|Windows(Chrome)] Se inició sesión correctamente.
[2025-09-19 03:51:26] [INFO] [::1|Windows(Chrome)] Se inició sesión correctamente.
[2025-09-19 13:54:56] [INFO] [::1|Windows(Chrome)] Se inició sesión correctamente.
[2025-09-19 17:02:39] [INFO] [::1|Windows(Chrome)] Se inició sesión correctamente.
[2025-09-19 21:09:02] [INFO] [::1|Windows(Chrome)] Se inició sesión correctamente.
[2025-09-19 22:58:36] [INFO] [::1|Windows(Chrome)] Se inició sesión correctamente.
[2025-09-20 20:39:01] [INFO] [::1|Windows(Chrome)] Se inició sesión correctamente.
[2025-09-20 20:39:04] [INFO] [::1|Windows(Chrome)] Se inició sesión correctamente.
[2025-09-21 15:23:50] [INFO] [::1|(Safari)] Se inició sesión correctamente.
[2025-09-21 15:40:49] [INFO] [::1|Windows(Chrome)] Se inició sesión correctamente.
[2025-09-22 02:43:50] [WARNING] [::1|Windows(Chrome)] Inicio de sesión fallido por credenciales.
[2025-09-22 02:44:02] [INFO] [::1|Windows(Chrome)] Se inició sesión correctamente.
[2025-09-22 02:45:49] [INFO] [::1|Windows(Chrome)] Se inició sesión correctamente.
[2025-09-22 16:45:37] [INFO] [::1|Windows(Chrome)] Se inició sesión correctamente.
[2025-09-22 16:46:37] [INFO] [::1|Windows(Chrome)] Se inició sesión correctamente.
[2025-09-22 18:39:38] [INFO] [::1|Windows(Chrome)] Se inició sesión correctamente.
[2025-09-22 18:39:49] [INFO] [::1|Windows(Chrome)] Se inició sesión correctamente.
[2025-09-22 21:38:49] [INFO] [::1|Windows(Chrome)] Se inició sesión correctamente.
[2025-09-22 22:57:47] [INFO] [::1|Windows(Chrome)] Se inició sesión correctamente.
[2025-09-22 23:11:24] [INFO] [::1|Windows(Chrome)] Se inició sesión correctamente.
[2025-09-22 23:11:27] [INFO] [::1|Windows(Chrome)] Se inició sesión correctamente.
[2025-09-23 00:09:41] [INFO] [::1|Windows(Chrome)] Se inició sesión correctamente.
[2025-09-23 14:37:11] [INFO] [::1|Windows(Chrome)] Se inició sesión correctamente.
[2025-09-23 14:37:14] [INFO] [::1|Windows(Chrome)] Se inició sesión correctamente.
[2025-09-24 16:24:20] [INFO] [::1|Windows(Chrome)] Se inició sesión correctamente.
[2025-09-24 22:49:56] [INFO] [::1|Windows(Chrome)] Se inició sesión correctamente.
[2025-09-24 22:50:39] [INFO] [::1|Windows(Chrome)] Se inició sesión correctamente.
[2025-09-25 21:05:18] [INFO] [::1|Windows(Chrome)] Se inició sesión correctamente.
[2025-09-25 21:26:51] [INFO] [::1|Windows(Chrome)] Se inició sesión correctamente.
[2025-09-25 22:02:03] [WARNING] [::1|Windows(Chrome)] Inicio de sesión fallido por credenciales.
[2025-09-25 22:02:13] [INFO] [::1|Windows(Chrome)] Se inició sesión correctamente.
[2025-09-25 23:49:19] [INFO] [::1|Windows(Chrome)] Se inició sesión correctamente.
[2025-09-25 23:49:51] [INFO] [::1|Windows(Chrome)] Se inició sesión correctamente.
[2025-09-25 23:51:22] [WARNING] [::1|Windows(Chrome)] Un usuario tuvo problemas con los campos.
[2025-09-25 23:51:35] [INFO] [::1|Windows(Chrome)] Se inició sesión correctamente.
[2025-09-25 23:52:25] [WARNING] [::1|Windows(Chrome)] Un usuario tuvo problemas con los campos.
[2025-09-25 23:52:34] [INFO] [::1|Windows(Chrome)] Se inició sesión correctamente.
[2025-09-25 23:52:34] [WARNING] [::1|Windows(Chrome)] Un usuario tuvo problemas con los campos.
[2025-09-25 23:52:42] [WARNING] [::1|Windows(Chrome)] Un usuario tuvo problemas con los campos.
[2025-09-25 23:52:53] [INFO] [::1|Windows(Chrome)] Se inició sesión correctamente.
[2025-09-25 23:52:53] [WARNING] [::1|Windows(Chrome)] Un usuario tuvo problemas con los campos.
[2025-09-25 23:53:03] [INFO] [::1|Windows(Chrome)] Se inició sesión correctamente.
[2025-09-25 23:53:03] [WARNING] [::1|Windows(Chrome)] Un usuario tuvo problemas con los campos.
[2025-09-25 23:53:15] [INFO] [::1|Windows(Chrome)] Se inició sesión correctamente.
[2025-09-25 23:53:16] [WARNING] [::1|Windows(Chrome)] Un usuario tuvo problemas con los campos.
[2025-09-25 23:53:39] [INFO] [::1|Windows(Chrome)] Se inició sesión correctamente.
[2025-09-25 23:53:39] [WARNING] [::1|Windows(Chrome)] Un usuario tuvo problemas con los campos.
[2025-09-25 23:53:56] [WARNING] [::1|Windows(Chrome)] Un usuario tuvo problemas con los campos.
[2025-09-25 23:54:05] [WARNING] [::1|Windows(Chrome)] Un usuario tuvo problemas con los campos.
[2025-09-25 23:54:16] [WARNING] [::1|Windows(Chrome)] Inicio de sesión fallido por credenciales.
[2025-09-25 23:54:26] [WARNING] [::1|Windows(Chrome)] Inicio de sesión fallido por credenciales.
[2025-09-25 23:56:03] [INFO] [::1|Windows(Chrome)] Se inició sesión correctamente.
[2025-09-25 23:56:21] [WARNING] [::1|Windows(Chrome)] Un usuario tuvo problemas con los campos.
[2025-09-26 00:34:01] [WARNING] [::1|Windows(Chrome)] Inicio de sesion fallido
[2025-09-26 00:34:13] [WARNING] [::1|Windows(Chrome)] Inicio de sesion fallido
[2025-09-26 00:34:28] [WARNING] [::1|Windows(Chrome)] Inicio de sesion fallido
[2025-09-26 00:36:24] [WARNING] [::1|Windows(Chrome)] Inicio de sesion fallido
[2025-09-26 00:36:32] [WARNING] [::1|Windows(Chrome)] Inicio de sesion fallido
[2025-09-26 00:37:01] [WARNING] [::1|Windows(Chrome)] Inicio de sesion fallido
[2025-09-26 02:51:02] [WARNING] [::1|Windows(Chrome)] Un usuario tuvo problemas con los campos
[2025-09-26 02:51:09] [WARNING] [::1|Windows(Chrome)] Inicio de sesion fallido
[2025-09-26 02:51:24] [WARNING] [::1|Windows(Chrome)] Inicio de sesion fallido
[2025-09-26 02:51:40] [WARNING] [::1|Windows(Chrome)] Inicio de sesion fallido
[2025-09-26 02:51:53] [WARNING] [::1|Windows(Chrome)] Un usuario tuvo problemas con los campos
[2025-09-26 02:56:57] [WARNING] [::1|Windows(Chrome)] Inicio de sesion fallido
[2025-09-26 02:58:09] [INFO] [::1|Windows(Chrome)] Se inició sesión correctamente con rol 3.
[2025-09-26 02:58:09] [WARNING] [::1|Windows(Chrome)] Un usuario tuvo problemas con los campos.
[2025-09-26 02:58:17] [INFO] [::1|Windows(Chrome)] Se inició sesión correctamente con rol 3.
[2025-09-26 02:58:17] [WARNING] [::1|Windows(Chrome)] Un usuario tuvo problemas con los campos.
[2025-09-26 03:00:05] [INFO] [::1|Windows(Chrome)] Se inició sesión correctamente con rol 3.
[2025-09-26 03:00:22] [INFO] [::1|Windows(Chrome)] Se inició sesión correctamente con rol 3.
[2025-09-26 03:00:22] [WARNING] [::1|Windows(Chrome)] Un usuario tuvo problemas con los campos.
[2025-09-26 03:00:31] [INFO] [::1|Windows(Chrome)] Se inició sesión correctamente con rol 3.
[2025-09-26 03:01:21] [WARNING] [::1|Windows(Chrome)] Inicio de sesion fallido
[2025-09-26 03:01:38] [WARNING] [::1|Windows(Chrome)] Inicio de sesion fallido
[2025-09-26 03:01:43] [WARNING] [::1|Windows(Chrome)] Inicio de sesion fallido
[2025-09-26 03:01:47] [WARNING] [::1|Windows(Chrome)] Inicio de sesion fallido
[2025-09-26 03:24:06] [INFO] [::1|Windows(Chrome)] Se inició sesión correctamente con rol 1.
[2025-09-26 03:24:09] [INFO] [::1|Windows(Chrome)] Se inició sesión correctamente con rol 1.
[2025-09-26 04:59:57] [INFO] [::1|Windows(Chrome)] Se inició sesión correctamente con rol 3.
[2025-09-26 14:21:29] [INFO] [::1|Windows(Chrome)] Se inició sesión correctamente con rol 1.
[2025-09-26 14:21:32] [INFO] [::1|Windows(Chrome)] Se inició sesión correctamente con rol 1.
[2025-09-26 15:14:24] [INFO] [::1|Windows(Chrome)] Se inició sesión correctamente con rol 1.
[2025-09-26 15:14:27] [INFO] [::1|Windows(Chrome)] Se inició sesión correctamente con rol 1.
[2025-09-26 17:13:57] [INFO] [::1|Windows(Chrome)] Se inició sesión correctamente con rol 1.
[2025-09-26 17:13:59] [INFO] [::1|Windows(Chrome)] Se inició sesión correctamente con rol 1.
[2025-09-26 18:10:17] [WARNING] [::1|Windows(Chrome)] Inicio de sesión fallido para DNI 12345678.
[2025-09-26 18:10:28] [WARNING] [::1|Windows(Chrome)] Inicio de sesión fallido para DNI 12345678.
[2025-09-26 18:10:39] [WARNING] [::1|Windows(Chrome)] Inicio de sesión fallido para DNI 12345678.
[2025-09-26 18:12:38] [INFO] [::1|Windows(Chrome)] Se inició sesión correctamente con rol 3.
[2025-09-26 18:14:16] [WARNING] [::1|Windows(Chrome)] Se intentó ingresar con un DNI inválido.
[2025-09-26 18:14:28] [WARNING] [::1|Windows(Chrome)] Inicio de sesión fallido para DNI 12345678.
